BL51 BANKED LINKER/LOCATER V6.22.4.0                                                    11/13/2023  23:26:27  PAGE 1


BL51 BANKED LINKER/LOCATER V6.22.4.0, INVOKED BY:
C:\KEIL_V5\C51\BIN\BL51.EXE .\Objects\Main.obj TO .\Objects\Final PRINT (.\Listings\Final.m51) RAMSIZE (256)


MEMORY MODEL: SMALL


INPUT MODULES INCLUDED:
  .\Objects\Main.obj (MAIN)
  C:\KEIL_V5\C51\LIB\C51S.LIB (?C_STARTUP)
  C:\KEIL_V5\C51\LIB\C51S.LIB (?C_INIT)


LINK MAP OF MODULE:  .\Objects\Final (MAIN)


            TYPE    BASE      LENGTH    RELOCATION   SEGMENT NAME
            -----------------------------------------------------

            * * * * * * *   D A T A   M E M O R Y   * * * * * * *
            REG     0000H     0008H     ABSOLUTE     "REG BANK 0"
            DATA    0008H     0002H     UNIT         ?DT?MAIN
            DATA    000AH     0001H     UNIT         _DATA_GROUP_
            IDATA   000BH     0001H     UNIT         ?STACK

            * * * * * * *   C O D E   M E M O R Y   * * * * * * *
            CODE    0000H     0003H     ABSOLUTE     
                    0003H     07FDH                  *** GAP ***
            CODE    0800H     01B3H     UNIT         ?PR?FLOOR_SELECT?MAIN
            CODE    09B3H     01B3H     UNIT         ?PR?FLOOR_CALL?MAIN
            CODE    0B66H     008CH     UNIT         ?C_C51STARTUP
            CODE    0BF2H     005EH     UNIT         ?PR?_DISPLAY_LED?MAIN
            CODE    0C50H     0050H     UNIT         ?PR?_DISPLAY?MAIN
            CODE    0CA0H     0020H     UNIT         ?PR?_DELAY?MAIN
            CODE    0CC0H     0008H     UNIT         ?PR?MAIN?MAIN
            CODE    0CC8H     0004H     UNIT         ?C_INITSEG



OVERLAY MAP OF MODULE:   .\Objects\Final (MAIN)


SEGMENT                          DATA_GROUP 
  +--> CALLED SEGMENT          START    LENGTH
----------------------------------------------
?C_C51STARTUP                  -----    -----
  +--> ?PR?MAIN?MAIN
  +--> ?C_INITSEG

?PR?MAIN?MAIN                  -----    -----
  +--> ?PR?FLOOR_CALL?MAIN
  +--> ?PR?FLOOR_SELECT?MAIN

?PR?FLOOR_CALL?MAIN            000AH    0001H
  +--> ?PR?_DISPLAY_LED?MAIN

?PR?_DISPLAY_LED?MAIN          -----    -----
  +--> ?PR?_DELAY?MAIN
BL51 BANKED LINKER/LOCATER V6.22.4.0                                                  11/13/2023  23:26:27  PAGE 2


  +--> ?PR?_DISPLAY?MAIN

?PR?FLOOR_SELECT?MAIN          000AH    0001H
  +--> ?PR?_DISPLAY_LED?MAIN



SYMBOL TABLE OF MODULE:  .\Objects\Final (MAIN)

  VALUE           TYPE          NAME
  ----------------------------------

  -------         MODULE        MAIN
  C:0000H         SYMBOL        _ICE_DUMMY_
  D:0080H         PUBLIC        P0
  D:0090H         PUBLIC        P1
  D:00A0H         PUBLIC        P2
  D:00B0H         PUBLIC        P3
  C:0800H         PUBLIC        floor_select
  C:0C00H         PUBLIC        _display_led
  C:0CA0H         PUBLIC        _delay
  C:09B3H         PUBLIC        floor_call
  C:0CC0H         PUBLIC        main
  B:0090H.0       PUBLIC        floorup1
  B:0090H.1       PUBLIC        floorup2
  B:0090H.2       PUBLIC        floorup3
  B:0090H.3       PUBLIC        floorup4
  B:0090H.4       PUBLIC        floorup5
  B:0090H.5       PUBLIC        floorup6
  B:0090H.6       PUBLIC        floorup7
  B:0090H.7       PUBLIC        floorup8
  B:00B0H.0       PUBLIC        floorselect1
  B:00B0H.1       PUBLIC        floorselect2
  B:00B0H.2       PUBLIC        floorselect3
  B:00B0H.3       PUBLIC        floorselect4
  B:00B0H.4       PUBLIC        floorselect5
  B:00B0H.6       PUBLIC        floorselect7
  B:00B0H.7       PUBLIC        floorselect8
  D:0008H         PUBLIC        d
  D:0009H         PUBLIC        global
  C:0C50H         PUBLIC        _display
  -------         PROC          MAIN
  C:0CC0H         LINE#         32
  C:0CC0H         LINE#         33
  C:0CC0H         LINE#         34
  C:0CC3H         LINE#         35
  C:0CC6H         LINE#         36
  -------         ENDPROC       MAIN
  -------         PROC          _DELAY
  D:0006H         SYMBOL        itime
  -------         DO            
  D:0004H         SYMBOL        i
  D:0002H         SYMBOL        j
  -------         ENDDO         
  C:0CA0H         LINE#         40
  C:0CA0H         LINE#         41
  C:0CA0H         LINE#         43
BL51 BANKED LINKER/LOCATER V6.22.4.0                                                  11/13/2023  23:26:27  PAGE 3


  C:0CAAH         LINE#         44
  C:0CBFH         LINE#         45
  -------         ENDPROC       _DELAY
  -------         PROC          _DISPLAY
  D:0006H         SYMBOL        a
  C:0C50H         LINE#         47
  C:0C50H         LINE#         48
  C:0C50H         LINE#         49
  C:0C80H         LINE#         50
  C:0C80H         LINE#         51
  C:0C80H         LINE#         52
  C:0C83H         LINE#         53
  C:0C84H         LINE#         54
  C:0C84H         LINE#         55
  C:0C87H         LINE#         56
  C:0C88H         LINE#         57
  C:0C88H         LINE#         58
  C:0C8BH         LINE#         59
  C:0C8CH         LINE#         60
  C:0C8CH         LINE#         61
  C:0C8FH         LINE#         62
  C:0C90H         LINE#         63
  C:0C90H         LINE#         64
  C:0C93H         LINE#         65
  C:0C94H         LINE#         66
  C:0C94H         LINE#         67
  C:0C97H         LINE#         68
  C:0C98H         LINE#         69
  C:0C98H         LINE#         70
  C:0C9BH         LINE#         71
  C:0C9CH         LINE#         72
  C:0C9CH         LINE#         73
  C:0C9FH         LINE#         74
  C:0C9FH         LINE#         75
  C:0C9FH         LINE#         76
  -------         ENDPROC       _DISPLAY
  C:0BF2H         SYMBOL        L?0200
  -------         PROC          L?0199
  -------         ENDPROC       L?0199
  C:0BF2H         SYMBOL        L?0200
  -------         PROC          _DISPLAY_LED
  D:0006H         SYMBOL        a
  C:0C00H         LINE#         78
  C:0C00H         LINE#         80
  C:0C30H         LINE#         81
  C:0C30H         LINE#         82
  C:0C33H         LINE#         83
  C:0C34H         LINE#         84
  C:0C34H         LINE#         85
  C:0C37H         LINE#         86
  C:0C38H         LINE#         87
  C:0C38H         LINE#         88
  C:0C3BH         LINE#         89
  C:0C3CH         LINE#         90
  C:0C3CH         LINE#         91
  C:0C3FH         LINE#         92
  C:0C40H         LINE#         93
BL51 BANKED LINKER/LOCATER V6.22.4.0                                                  11/13/2023  23:26:27  PAGE 4


  C:0C40H         LINE#         94
  C:0C43H         LINE#         95
  C:0C44H         LINE#         96
  C:0C44H         LINE#         97
  C:0C47H         LINE#         98
  C:0C48H         LINE#         99
  C:0C48H         LINE#         100
  C:0C4BH         LINE#         101
  C:0C4CH         LINE#         102
  C:0C4CH         LINE#         103
  C:0C4FH         LINE#         104
  C:0C4FH         LINE#         105
  C:0C4FH         LINE#         108
  -------         ENDPROC       _DISPLAY_LED
  -------         PROC          FLOOR_SELECT
  -------         DO            
  D:000AH         SYMBOL        x
  -------         ENDDO         
  C:0800H         LINE#         113
  C:0800H         LINE#         116
  C:0803H         LINE#         120
  C:0806H         LINE#         121
  C:0809H         LINE#         122
  C:0810H         LINE#         123
  C:0817H         LINE#         124
  C:0817H         LINE#         125
  C:0817H         LINE#         126
  C:081AH         LINE#         127
  C:081EH         LINE#         128
  C:0820H         LINE#         129
  C:0822H         LINE#         130
  C:0829H         LINE#         131
  C:0830H         LINE#         132
  C:0830H         LINE#         133
  C:0830H         LINE#         134
  C:0833H         LINE#         135
  C:0837H         LINE#         136
  C:0839H         LINE#         137
  C:0839H         LINE#         138
  C:0839H         LINE#         140
  C:083CH         LINE#         141
  C:083FH         LINE#         142
  C:0846H         LINE#         143
  C:084DH         LINE#         144
  C:084DH         LINE#         145
  C:084DH         LINE#         146
  C:0850H         LINE#         147
  C:0854H         LINE#         148
  C:0856H         LINE#         149
  C:0858H         LINE#         150
  C:085FH         LINE#         151
  C:0866H         LINE#         152
  C:0866H         LINE#         153
  C:0866H         LINE#         154
  C:0869H         LINE#         155
  C:086DH         LINE#         156
  C:086FH         LINE#         157
BL51 BANKED LINKER/LOCATER V6.22.4.0                                                  11/13/2023  23:26:27  PAGE 5


  C:086FH         LINE#         159
  C:086FH         LINE#         160
  C:0872H         LINE#         161
  C:0875H         LINE#         162
  C:087CH         LINE#         163
  C:0883H         LINE#         164
  C:0883H         LINE#         165
  C:0883H         LINE#         166
  C:0886H         LINE#         167
  C:088AH         LINE#         168
  C:088CH         LINE#         169
  C:088EH         LINE#         170
  C:0895H         LINE#         171
  C:089CH         LINE#         172
  C:089CH         LINE#         173
  C:089CH         LINE#         174
  C:089FH         LINE#         175
  C:08A3H         LINE#         176
  C:08A5H         LINE#         177
  C:08A5H         LINE#         179
  C:08A5H         LINE#         180
  C:08A8H         LINE#         181
  C:08ABH         LINE#         182
  C:08B2H         LINE#         183
  C:08B9H         LINE#         184
  C:08B9H         LINE#         185
  C:08B9H         LINE#         186
  C:08BCH         LINE#         187
  C:08C0H         LINE#         188
  C:08C2H         LINE#         189
  C:08C4H         LINE#         190
  C:08CBH         LINE#         191
  C:08D2H         LINE#         192
  C:08D2H         LINE#         193
  C:08D2H         LINE#         194
  C:08D5H         LINE#         195
  C:08D9H         LINE#         196
  C:08DBH         LINE#         197
  C:08DBH         LINE#         198
  C:08DBH         LINE#         199
  C:08DEH         LINE#         200
  C:08E1H         LINE#         201
  C:08E8H         LINE#         202
  C:08EFH         LINE#         203
  C:08EFH         LINE#         204
  C:08EFH         LINE#         205
  C:08F2H         LINE#         206
  C:08F6H         LINE#         207
  C:08F8H         LINE#         208
  C:08FAH         LINE#         209
  C:0901H         LINE#         210
  C:0908H         LINE#         211
  C:0908H         LINE#         212
  C:0908H         LINE#         213
  C:090BH         LINE#         214
  C:090FH         LINE#         215
  C:0911H         LINE#         216
BL51 BANKED LINKER/LOCATER V6.22.4.0                                                  11/13/2023  23:26:27  PAGE 6


  C:0911H         LINE#         218
  C:0911H         LINE#         219
  C:0914H         LINE#         220
  C:0917H         LINE#         221
  C:091EH         LINE#         222
  C:0925H         LINE#         223
  C:0925H         LINE#         224
  C:0925H         LINE#         225
  C:0928H         LINE#         226
  C:092CH         LINE#         227
  C:092EH         LINE#         228
  C:0930H         LINE#         229
  C:0937H         LINE#         230
  C:093EH         LINE#         231
  C:093EH         LINE#         232
  C:093EH         LINE#         233
  C:0941H         LINE#         234
  C:0945H         LINE#         235
  C:0947H         LINE#         236
  C:0947H         LINE#         238
  C:0947H         LINE#         239
  C:094AH         LINE#         240
  C:094DH         LINE#         241
  C:0954H         LINE#         242
  C:095BH         LINE#         243
  C:095BH         LINE#         244
  C:095BH         LINE#         245
  C:095EH         LINE#         246
  C:0962H         LINE#         247
  C:0964H         LINE#         248
  C:0966H         LINE#         249
  C:096DH         LINE#         250
  C:0974H         LINE#         251
  C:0974H         LINE#         252
  C:0974H         LINE#         253
  C:0977H         LINE#         254
  C:097BH         LINE#         255
  C:097DH         LINE#         256
  C:097DH         LINE#         257
  C:097DH         LINE#         259
  C:0980H         LINE#         260
  C:0983H         LINE#         261
  C:098AH         LINE#         262
  C:0991H         LINE#         263
  C:0991H         LINE#         264
  C:0991H         LINE#         265
  C:0994H         LINE#         266
  C:0998H         LINE#         267
  C:099AH         LINE#         268
  C:099BH         LINE#         269
  C:09A2H         LINE#         270
  C:09A9H         LINE#         271
  C:09A9H         LINE#         272
  C:09A9H         LINE#         273
  C:09ACH         LINE#         274
  C:09B0H         LINE#         275
  C:09B2H         LINE#         276
BL51 BANKED LINKER/LOCATER V6.22.4.0                                                  11/13/2023  23:26:27  PAGE 7


  C:09B2H         LINE#         277
  C:09B2H         LINE#         280
  -------         ENDPROC       FLOOR_SELECT
  -------         PROC          FLOOR_CALL
  -------         DO            
  D:000AH         SYMBOL        x
  -------         ENDDO         
  C:09B3H         LINE#         283
  C:09B3H         LINE#         285
  C:09B6H         LINE#         289
  C:09B9H         LINE#         290
  C:09BCH         LINE#         291
  C:09C3H         LINE#         292
  C:09CAH         LINE#         293
  C:09CAH         LINE#         294
  C:09CAH         LINE#         295
  C:09CDH         LINE#         296
  C:09D1H         LINE#         297
  C:09D3H         LINE#         298
  C:09D5H         LINE#         299
  C:09DCH         LINE#         300
  C:09E3H         LINE#         301
  C:09E3H         LINE#         302
  C:09E3H         LINE#         303
  C:09E6H         LINE#         304
  C:09EAH         LINE#         305
  C:09ECH         LINE#         306
  C:09ECH         LINE#         307
  C:09ECH         LINE#         309
  C:09EFH         LINE#         310
  C:09F2H         LINE#         311
  C:09F9H         LINE#         312
  C:0A00H         LINE#         313
  C:0A00H         LINE#         314
  C:0A00H         LINE#         315
  C:0A03H         LINE#         316
  C:0A07H         LINE#         317
  C:0A09H         LINE#         318
  C:0A0BH         LINE#         319
  C:0A12H         LINE#         320
  C:0A19H         LINE#         321
  C:0A19H         LINE#         322
  C:0A19H         LINE#         323
  C:0A1CH         LINE#         324
  C:0A20H         LINE#         325
  C:0A22H         LINE#         326
  C:0A22H         LINE#         328
  C:0A22H         LINE#         329
  C:0A25H         LINE#         330
  C:0A28H         LINE#         331
  C:0A2FH         LINE#         332
  C:0A36H         LINE#         333
  C:0A36H         LINE#         334
  C:0A36H         LINE#         335
  C:0A39H         LINE#         336
  C:0A3DH         LINE#         337
  C:0A3FH         LINE#         338
BL51 BANKED LINKER/LOCATER V6.22.4.0                                                  11/13/2023  23:26:27  PAGE 8


  C:0A41H         LINE#         339
  C:0A48H         LINE#         340
  C:0A4FH         LINE#         341
  C:0A4FH         LINE#         342
  C:0A4FH         LINE#         343
  C:0A52H         LINE#         344
  C:0A56H         LINE#         345
  C:0A58H         LINE#         346
  C:0A58H         LINE#         348
  C:0A58H         LINE#         349
  C:0A5BH         LINE#         350
  C:0A5EH         LINE#         351
  C:0A65H         LINE#         352
  C:0A6CH         LINE#         353
  C:0A6CH         LINE#         354
  C:0A6CH         LINE#         355
  C:0A6FH         LINE#         356
  C:0A73H         LINE#         357
  C:0A75H         LINE#         358
  C:0A77H         LINE#         359
  C:0A7EH         LINE#         360
  C:0A85H         LINE#         361
  C:0A85H         LINE#         362
  C:0A85H         LINE#         363
  C:0A88H         LINE#         364
  C:0A8CH         LINE#         365
  C:0A8EH         LINE#         366
  C:0A8EH         LINE#         367
  C:0A8EH         LINE#         368
  C:0A91H         LINE#         369
  C:0A94H         LINE#         370
  C:0A9BH         LINE#         371
  C:0AA2H         LINE#         372
  C:0AA2H         LINE#         373
  C:0AA2H         LINE#         374
  C:0AA5H         LINE#         375
  C:0AA9H         LINE#         376
  C:0AABH         LINE#         377
  C:0AADH         LINE#         378
  C:0AB4H         LINE#         379
  C:0ABBH         LINE#         380
  C:0ABBH         LINE#         381
  C:0ABBH         LINE#         382
  C:0ABEH         LINE#         383
  C:0AC2H         LINE#         384
  C:0AC4H         LINE#         385
  C:0AC4H         LINE#         387
  C:0AC4H         LINE#         388
  C:0AC7H         LINE#         389
  C:0ACAH         LINE#         390
  C:0AD1H         LINE#         391
  C:0AD8H         LINE#         392
  C:0AD8H         LINE#         393
  C:0AD8H         LINE#         394
  C:0ADBH         LINE#         395
  C:0ADFH         LINE#         396
  C:0AE1H         LINE#         397
BL51 BANKED LINKER/LOCATER V6.22.4.0                                                  11/13/2023  23:26:27  PAGE 9


  C:0AE3H         LINE#         398
  C:0AEAH         LINE#         399
  C:0AF1H         LINE#         400
  C:0AF1H         LINE#         401
  C:0AF1H         LINE#         402
  C:0AF4H         LINE#         403
  C:0AF8H         LINE#         404
  C:0AFAH         LINE#         405
  C:0AFAH         LINE#         407
  C:0AFAH         LINE#         408
  C:0AFDH         LINE#         409
  C:0B00H         LINE#         410
  C:0B07H         LINE#         411
  C:0B0EH         LINE#         412
  C:0B0EH         LINE#         413
  C:0B0EH         LINE#         414
  C:0B11H         LINE#         415
  C:0B15H         LINE#         416
  C:0B17H         LINE#         417
  C:0B19H         LINE#         418
  C:0B20H         LINE#         419
  C:0B27H         LINE#         420
  C:0B27H         LINE#         421
  C:0B27H         LINE#         422
  C:0B2AH         LINE#         423
  C:0B2EH         LINE#         424
  C:0B30H         LINE#         425
  C:0B30H         LINE#         426
  C:0B30H         LINE#         428
  C:0B33H         LINE#         429
  C:0B36H         LINE#         430
  C:0B3DH         LINE#         431
  C:0B44H         LINE#         432
  C:0B44H         LINE#         433
  C:0B44H         LINE#         434
  C:0B47H         LINE#         435
  C:0B4BH         LINE#         436
  C:0B4DH         LINE#         437
  C:0B4EH         LINE#         438
  C:0B55H         LINE#         439
  C:0B5CH         LINE#         440
  C:0B5CH         LINE#         441
  C:0B5CH         LINE#         442
  C:0B5FH         LINE#         443
  C:0B63H         LINE#         444
  C:0B65H         LINE#         445
  C:0B65H         LINE#         446
  C:0B65H         LINE#         447
  -------         ENDPROC       FLOOR_CALL
  -------         ENDMOD        MAIN

******************************************************************************
* RESTRICTED VERSION WITH 0800H BYTE CODE SIZE LIMIT; USED: 043FH BYTE (53%) *
******************************************************************************

Program Size: data=12.0 xdata=0 code=1231
LINK/LOCATE RUN COMPLETE.  0 WARNING(S),  0 ERROR(S)
